MySQL Shell 8.0.43

Copyright (c) 2016, 2025, Oracle and/or its affiliates.
Oracle is a registered trademark of Oracle Corporation and/or its affiliates.
Other names may be trademarks of their respective owners.

Type '\help' or '\?' for help; '\quit' to exit.
 MySQL  JS > \SQL
Unknown command: '\SQL'
 MySQL  JS > \sql
Switching to SQL mode... Commands end with ;
 MySQL  SQL > \c --mc root@localhost
Creating a Classic session to 'root@localhost'
Fetching global names for auto-completion... Press ^C to stop.
Your MySQL connection id is 23
Server version: 8.0.43 MySQL Community Server - GPL
No default schema selected; type \use <schema> to set one.
 MySQL  localhost:3306 ssl  SQL > USE tbd3;
Default schema set to `tbd3`.
Fetching global names, object names from `tbd3` for auto-completion... Press ^C to stop.
 MySQL  localhost:3306 ssl  tbd3  SQL > set @cont = 0;
Query OK, 0 rows affected (0.0007 sec)
 MySQL  localhost:3306 ssl  tbd3  SQL > CALL contar_actor AS Total;
ERROR: 1064 (42000): You have an error in your SQL syntax; check the manual that corresponds to your MySQL server version for the right syntax to use near 'AS Total' at line 1
 MySQL  localhost:3306 ssl  tbd3  SQL > CALL contar_actor(@cont);
Query OK, 0 rows affected (0.0214 sec)
 MySQL  localhost:3306 ssl  tbd3  SQL > SELECT @contar_actor AS Total;
+-------+
| Total |
+-------+
| NULL  |
+-------+
1 row in set (0.0009 sec)
 MySQL  localhost:3306 ssl  tbd3  SQL > SELECT @cont AS Total;
+-------+
| Total |
+-------+
|   203 |
+-------+
1 row in set (0.0008 sec)
 MySQL  localhost:3306 ssl  tbd3  SQL >